******************************************************************************
                  TI ARM Linker PC v16.9.1                     
******************************************************************************
>> Linked Sun Apr 02 19:44:28 2017

OUTPUT FILE NAME:   <HelloButton.out>
ENTRY POINT SYMBOL: "_c_int00"  address: 40204a28


MEMORY CONFIGURATION

         name            origin    length      used     unused   attr    fill
----------------------  --------  ---------  --------  --------  ----  --------
  SRAM                  40200000   0000ffc8  00006345  00009c83  RWIX
  INTVECS               4020ffc8   00000038  00000000  00000038  RWIX
  IVASHL2RAM            5c7f8000   00008000  00000000  00008000  RWIX
  IVASHL2RAM_C          5c800000   00010000  00000000  00010000  RWIX
  IVASHL1PRAM           5ce00000   00008000  00000000  00008000  RWIX
  IVASHL1DRAM           5cf04000   0000c000  00000000  0000c000  RWIX
  IVASHL1DRAM_C         5cf10000   00008000  00000000  00008000  RWIX
  DDR0                  80000000   40000000  00000000  40000000  RWIX
  DDR1                  c0000000   40000000  00000000  40000000  RWIX


SEGMENT ALLOCATION MAP

run origin  load origin   length   init length attrs members
----------  ----------- ---------- ----------- ----- -------
40200000    40200000    00004d94   00004d94    r-x
  40200000    40200000    00004d94   00004d94    r-x .text
40204d94    40204d94    00000800   00000000    rw-
  40204d94    40204d94    00000800   00000000    rw- .stack
40205598    40205598    00000bf0   00000000    rw-
  40205598    40205598    00000800   00000000    rw- .sysmem
  40205d98    40205d98    00000228   00000000    rw- .data
  40205fc0    40205fc0    000001c8   00000000    rw- .bss
40206188    40206188    000001c8   000001c8    r--
  40206188    40206188    00000101   00000101    r-- .const
  40206290    40206290    000000c0   000000c0    r-- .cinit


SECTION ALLOCATION MAP

 output                                  attributes/
section   page    origin      length       input sections
--------  ----  ----------  ----------   ----------------
.text      0    40200000    00004d94     
                  40200000    000019ec     rtsv7A8_A_le_eabi.lib : _printfi.obj (.text)
                  402019ec    00000638                           : memory.obj (.text)
                  40202024    0000055c                           : lowlev.obj (.text)
                  40202580    00000550                           : trgdrv.obj (.text)
                  40202ad0    000002d4                           : fopen.obj (.text)
                  40202da4    000002b8                           : ull_div32.obj (.text)
                  4020305c    00000214                           : fd_add32.obj (.text)
                  40203270    000001c8                           : fputs.obj (.text)
                  40203438    00000190                           : fd_div32.obj (.text)
                  402035c8    00000180                           : memcpy32.obj (.text)
                  40203748    00000158                           : setvbuf.obj (.text)
                  402038a0    00000150     main.obj (.text)
                  402039f0    00000130     rtsv7A8_A_le_eabi.lib : fflush.obj (.text)
                  40203b20    00000128                           : fd_mul32.obj (.text)
                  40203c48    00000118                           : _io_perm.obj (.text)
                  40203d60    00000118                           : s_scalbn.obj (.text)
                  40203e78    00000114                           : i_div32.obj (.text)
                  40203f8c    00000100                           : fputc.obj (.text)
                  4020408c    000000fc                           : fclose.obj (.text)
                  40204188    000000f0                           : u_div32.obj (.text)
                  40204278    000000e0                           : fd_cmp32.obj (.text:__aeabi_cdcmple)
                  40204358    000000e0                           : fd_cmp32.obj (.text:__aeabi_cdrcmple)
                  40204438    000000b0                           : memset32.obj (.text)
                  402044e8    000000a8                           : autoinit.obj (.text)
                  40204590    000000a8                           : fseek.obj (.text)
                  40204638    000000a4                           : printf.obj (.text)
                  402046dc    000000a4                           : trgmsg.obj (.text)
                  40204780    00000090                           : copy_decompress_lzss.obj (.text:decompress:lzss)
                  40204810    00000090                           : exit.obj (.text)
                  402048a0    00000084                           : atoi.obj (.text)
                  40204924    00000084                           : cpy_tbl.obj (.text)
                  402049a8    00000080                           : ltoa.obj (.text)
                  40204a28    0000007c     boot.obj (.text)
                  40204aa4    0000007c     rtsv7A8_A_le_eabi.lib : s_frexp.obj (.text)
                  40204b20    0000005c                           : fd_toi32.obj (.text)
                  40204b7c    00000048                           : strncpy.obj (.text)
                  40204bc4    0000003c                           : i_tofd32.obj (.text)
                  40204c00    0000002c     main.obj (.text:retain)
                  40204c2c    0000002c     rtsv7A8_A_le_eabi.lib : memccpy.obj (.text)
                  40204c58    0000002c                           : memchr.obj (.text)
                  40204c84    00000028                           : strchr.obj (.text)
                  40204cac    00000028                           : strcmp.obj (.text)
                  40204cd4    00000024                           : _lock.obj (.text)
                  40204cf8    00000020                           : args_main.obj (.text)
                  40204d18    0000001c                           : strlen.obj (.text)
                  40204d34    00000018                           : strcpy.obj (.text)
                  40204d4c    00000014                           : copy_decompress_none.obj (.text:decompress:none)
                  40204d60    00000010                           : copy_zero_init.obj (.text:decompress:ZI)
                  40204d70    00000010                           : s_copysign.obj (.text)
                  40204d80    00000008                           : pre_init.obj (.text)
                  40204d88    00000004                           : i_div0.obj (.text)
                  40204d8c    00000004                           : mpu_init.obj (.text)
                  40204d90    00000004                           : startup.obj (.text)

.stack     0    40204d94    00000800     UNINITIALIZED
                  40204d94    00000800     --HOLE--

.sysmem    0    40205598    00000800     UNINITIALIZED
                  40205598    00000008     rtsv7A8_A_le_eabi.lib : memory.obj (.sysmem)
                  402055a0    000007f8     --HOLE--

.data      0    40205d98    00000228     UNINITIALIZED
                  40205d98    000000f0     rtsv7A8_A_le_eabi.lib : defs.obj (.data:_ftable)
                  40205e88    000000d0                           : lowlev.obj (.data:$O1$$)
                  40205f58    0000002c     main.obj (.data)
                  40205f84    00000010     rtsv7A8_A_le_eabi.lib : defs.obj (.data)
                  40205f94    0000000c                           : exit.obj (.data:$O1$$)
                  40205fa0    0000000c                           : memory.obj (.data:$O1$$)
                  40205fac    00000008                           : _lock.obj (.data:$O1$$)
                  40205fb4    00000004                           : errno.obj (.data)
                  40205fb8    00000004                           : fopen.obj (.data)
                  40205fbc    00000004                           : stkdepth_vars.obj (.data)

.bss       0    40205fc0    000001c8     UNINITIALIZED
                  40205fc0    00000120     rtsv7A8_A_le_eabi.lib : trgmsg.obj (.bss:_CIOBUF_)
                  402060e0    000000a0     (.common:__TI_tmpnams)
                  40206180    00000008                           : trgdrv.obj (.bss:parmbuf)

.const     0    40206188    00000101     
                  40206188    00000101     rtsv7A8_A_le_eabi.lib : ctype.obj (.const:.string:_ctypes_)

.cinit     0    40206290    000000c0     
                  40206290    0000009b     (.cinit..data.load) [load image, compression = lzss]
                  4020632b    00000001     --HOLE-- [fill = 0]
                  4020632c    0000000c     (__TI_handler_table)
                  40206338    00000008     (.cinit..bss.load) [load image, compression = zero_init]
                  40206340    00000010     (__TI_cinit_table)

.init_array 
*          0    40200000    00000000     UNINITIALIZED

MODULE SUMMARY

       Module                     code    ro data   rw data
       ------                     ----    -------   -------
    .\
       main.obj                   380     0         44     
       boot.obj                   124     0         0      
    +--+--------------------------+-------+---------+---------+
       Total:                     504     0         44     
                                                           
    C:\ti\ccsv7\tools\compiler\ti-cgt-arm_16.9.1.LTS\lib\rtsv7A8_A_le_eabi.lib
       _printfi.obj               6636    0         0      
       memory.obj                 1592    0         12     
       lowlev.obj                 1372    0         208    
       trgdrv.obj                 1360    0         8      
       fopen.obj                  724     0         4      
       ull_div32.obj              696     0         0      
       fd_add32.obj               532     0         0      
       fputs.obj                  456     0         0      
       trgmsg.obj                 164     0         288    
       fd_cmp32.obj               448     0         0      
       defs.obj                   0       0         416    
       fd_div32.obj               400     0         0      
       memcpy32.obj               384     0         0      
       setvbuf.obj                344     0         0      
       fflush.obj                 304     0         0      
       fd_mul32.obj               296     0         0      
       _io_perm.obj               280     0         0      
       s_scalbn.obj               280     0         0      
       i_div32.obj                276     0         0      
       ctype.obj                  0       257       0      
       fputc.obj                  256     0         0      
       fclose.obj                 252     0         0      
       u_div32.obj                240     0         0      
       memset32.obj               176     0         0      
       autoinit.obj               168     0         0      
       fseek.obj                  168     0         0      
       printf.obj                 164     0         0      
       exit.obj                   144     0         12     
       copy_decompress_lzss.obj   144     0         0      
       atoi.obj                   132     0         0      
       cpy_tbl.obj                132     0         0      
       ltoa.obj                   128     0         0      
       s_frexp.obj                124     0         0      
       fd_toi32.obj               92      0         0      
       strncpy.obj                72      0         0      
       i_tofd32.obj               60      0         0      
       _lock.obj                  36      0         8      
       memccpy.obj                44      0         0      
       memchr.obj                 44      0         0      
       strchr.obj                 40      0         0      
       strcmp.obj                 40      0         0      
       args_main.obj              32      0         0      
       strlen.obj                 28      0         0      
       strcpy.obj                 24      0         0      
       copy_decompress_none.obj   20      0         0      
       copy_zero_init.obj         16      0         0      
       s_copysign.obj             16      0         0      
       pre_init.obj               8       0         0      
       errno.obj                  0       0         4      
       i_div0.obj                 4       0         0      
       mpu_init.obj               4       0         0      
       startup.obj                4       0         0      
       stkdepth_vars.obj          0       0         4      
    +--+--------------------------+-------+---------+---------+
       Total:                     19356   257       964    
                                                           
       Heap:                      0       0         2048   
       Stack:                     0       0         2048   
       Linker Generated:          0       191       0      
    +--+--------------------------+-------+---------+---------+
       Grand Total:               19860   448       5104   


LINKER GENERATED COPY TABLES

__TI_cinit_table @ 40206340 records: 2, size/record: 8, table size: 16
	.data: load addr=40206290, load size=0000009b bytes, run addr=40205d98, run size=00000228 bytes, compression=lzss
	.bss: load addr=40206338, load size=00000008 bytes, run addr=40205fc0, run size=000001c8 bytes, compression=zero_init


LINKER GENERATED HANDLER TABLE

__TI_handler_table @ 4020632c records: 3, size/record: 4, table size: 12
	index: 0, handler: __TI_zero_init
	index: 1, handler: __TI_decompress_lzss
	index: 2, handler: __TI_decompress_none


GLOBAL SYMBOLS: SORTED ALPHABETICALLY BY Name 

address   name                           
-------   ----                           
40205f80  BTN                            
40204810  C$$EXIT                        
40204724  C$$IO$$                        
40205f68  CM_FCLKEN_WKUP                 
40205f64  CM_ICLKEN_WKUP                 
40205f6c  CONTROL_PADCONF_SYS_BOOT2      
40205f7c  GPIO1_DATAIN                   
40205f74  GPIO1_IRQENABLE1               
40205f60  GPIO1_IRQSTATUS1               
40205f78  GPIO1_OE                       
40205f70  GPIO1_RISINGDETECT             
40202a64  HOSTclock                      
402029f4  HOSTclose                      
4020298c  HOSTgetenv                     
402028ec  HOSTlseek                      
40202860  HOSTopen                       
402027dc  HOSTread                       
40202744  HOSTrename                     
402026e4  HOSTtime                       
40202668  HOSTtime64                     
40202604  HOSTunlink                     
40202580  HOSTwrite                      
40205f58  INTCPS_CONTROL                 
40205f5c  INTCPS_MIR0                    
UNDEFED   SHT$$INIT_ARRAY$$Base          
UNDEFED   SHT$$INIT_ARRAY$$Limit         
40205fc0  __CIOBUF_                      
40205594  __STACK_END                    
00000800  __STACK_SIZE                   
00000800  __SYSMEM_SIZE                  
40206340  __TI_CINIT_Base                
40206350  __TI_CINIT_Limit               
4020632c  __TI_Handler_Table_Base        
40206338  __TI_Handler_Table_Limit       
402044e8  __TI_auto_init                 
40202c10  __TI_cleanup                   
40205f94  __TI_cleanup_ptr               
4020408c  __TI_closefile                 
40204780  __TI_decompress_lzss           
40204d4c  __TI_decompress_none           
402039f0  __TI_doflush                   
40205f98  __TI_dtors_ptr                 
40205f9c  __TI_enable_exit_profile_output
40205f84  __TI_ft_end                    
ffffffff  __TI_pprof_out_hndl            
40200c4c  __TI_printfi                   
ffffffff  __TI_prof_data_size            
ffffffff  __TI_prof_data_start           
40203ce8  __TI_rd_ok                     
4020472c  __TI_readmsg                   
40206290  __TI_static_base__             
402060e0  __TI_tmpnams                   
402046dc  __TI_writemsg                  
40203c48  __TI_wrt_ok                    
40204d60  __TI_zero_init                 
40204278  __aeabi_cdcmpeq                
40204278  __aeabi_cdcmple                
40204358  __aeabi_cdrcmple               
40204b20  __aeabi_d2iz                   
40203068  __aeabi_dadd                   
40203438  __aeabi_ddiv                   
40203b20  __aeabi_dmul                   
4020305c  __aeabi_dsub                   
40204bc4  __aeabi_i2d                    
40203e78  __aeabi_idiv                   
40204d88  __aeabi_idiv0                  
40203e78  __aeabi_idivmod                
40204438  __aeabi_memclr                 
40204438  __aeabi_memclr4                
40204438  __aeabi_memclr8                
402035c8  __aeabi_memcpy                 
402035c8  __aeabi_memcpy4                
402035c8  __aeabi_memcpy8                
4020443c  __aeabi_memset                 
4020443c  __aeabi_memset4                
4020443c  __aeabi_memset8                
40205f90  __aeabi_stderr                 
40205f88  __aeabi_stdin                  
40205f8c  __aeabi_stdout                 
40204188  __aeabi_uidiv                  
40204188  __aeabi_uidivmod               
40202da4  __aeabi_uldivmod               
ffffffff  __binit__                      
ffffffff  __c_args__                     
40204d8c  __mpu_init                     
40204d94  __stack                        
40204cf8  _args_main                     
40204a28  _c_int00                       
40206188  _ctypes_                       
40205d98  _ftable                        
40205fac  _lock                          
40204cec  _nop                           
40204ce0  _register_lock                 
40204cd4  _register_unlock               
40205598  _sys_memory                    
40204d90  _system_post_cinit             
40204d80  _system_pre_init               
40205fb0  _unlock                        
40204818  abort                          
40202458  add_device                     
402048a0  atoi                           
ffffffff  binit                          
40204c00  c_intIRQ                       
40201fd0  calloc                         
402023c4  close                          
40204924  copy_in                        
40204d70  copysign                       
40204d70  copysignl                      
40205fb4  errno                          
40204824  exit                           
40204138  fclose                         
40203a74  fflush                         
40202ca8  fopen                          
40203f8c  fputc                          
40203270  fputs                          
40201ba0  free                           
40202c5c  freopen                        
40204aa4  frexp                          
40204aa4  frexpl                         
40204590  fseek                          
40203d60  ldexp                          
40203d60  ldexpl                         
4020237c  lseek                          
402049a8  ltoa                           
402038a0  main                           
40205fbc  main_func_sp                   
40201ae0  malloc                         
40201e8c  memalign                       
40204c2c  memccpy                        
40204c58  memchr                         
402035c8  memcpy                         
40204448  memset                         
402019ec  minit                          
40202260  open                           
40204640  printf                         
40203f8c  putc                           
40204078  putchar                        
40203400  puts                           
40202218  read                           
40201cf8  realloc                        
40202120  remove                         
402021cc  remove_device                  
40202160  rename                         
40203d60  scalbn                         
40203d60  scalbnl                        
40203748  setvbuf                        
40204c84  strchr                         
40204cac  strcmp                         
40204d34  strcpy                         
40204d18  strlen                         
40204b7c  strncpy                        
40202120  unlink                         
40202024  write                          


GLOBAL SYMBOLS: SORTED BY Symbol Address 

address   name                           
-------   ----                           
00000800  __STACK_SIZE                   
00000800  __SYSMEM_SIZE                  
40200c4c  __TI_printfi                   
402019ec  minit                          
40201ae0  malloc                         
40201ba0  free                           
40201cf8  realloc                        
40201e8c  memalign                       
40201fd0  calloc                         
40202024  write                          
40202120  remove                         
40202120  unlink                         
40202160  rename                         
402021cc  remove_device                  
40202218  read                           
40202260  open                           
4020237c  lseek                          
402023c4  close                          
40202458  add_device                     
40202580  HOSTwrite                      
40202604  HOSTunlink                     
40202668  HOSTtime64                     
402026e4  HOSTtime                       
40202744  HOSTrename                     
402027dc  HOSTread                       
40202860  HOSTopen                       
402028ec  HOSTlseek                      
4020298c  HOSTgetenv                     
402029f4  HOSTclose                      
40202a64  HOSTclock                      
40202c10  __TI_cleanup                   
40202c5c  freopen                        
40202ca8  fopen                          
40202da4  __aeabi_uldivmod               
4020305c  __aeabi_dsub                   
40203068  __aeabi_dadd                   
40203270  fputs                          
40203400  puts                           
40203438  __aeabi_ddiv                   
402035c8  __aeabi_memcpy                 
402035c8  __aeabi_memcpy4                
402035c8  __aeabi_memcpy8                
402035c8  memcpy                         
40203748  setvbuf                        
402038a0  main                           
402039f0  __TI_doflush                   
40203a74  fflush                         
40203b20  __aeabi_dmul                   
40203c48  __TI_wrt_ok                    
40203ce8  __TI_rd_ok                     
40203d60  ldexp                          
40203d60  ldexpl                         
40203d60  scalbn                         
40203d60  scalbnl                        
40203e78  __aeabi_idiv                   
40203e78  __aeabi_idivmod                
40203f8c  fputc                          
40203f8c  putc                           
40204078  putchar                        
4020408c  __TI_closefile                 
40204138  fclose                         
40204188  __aeabi_uidiv                  
40204188  __aeabi_uidivmod               
40204278  __aeabi_cdcmpeq                
40204278  __aeabi_cdcmple                
40204358  __aeabi_cdrcmple               
40204438  __aeabi_memclr                 
40204438  __aeabi_memclr4                
40204438  __aeabi_memclr8                
4020443c  __aeabi_memset                 
4020443c  __aeabi_memset4                
4020443c  __aeabi_memset8                
40204448  memset                         
402044e8  __TI_auto_init                 
40204590  fseek                          
40204640  printf                         
402046dc  __TI_writemsg                  
40204724  C$$IO$$                        
4020472c  __TI_readmsg                   
40204780  __TI_decompress_lzss           
40204810  C$$EXIT                        
40204818  abort                          
40204824  exit                           
402048a0  atoi                           
40204924  copy_in                        
402049a8  ltoa                           
40204a28  _c_int00                       
40204aa4  frexp                          
40204aa4  frexpl                         
40204b20  __aeabi_d2iz                   
40204b7c  strncpy                        
40204bc4  __aeabi_i2d                    
40204c00  c_intIRQ                       
40204c2c  memccpy                        
40204c58  memchr                         
40204c84  strchr                         
40204cac  strcmp                         
40204cd4  _register_unlock               
40204ce0  _register_lock                 
40204cec  _nop                           
40204cf8  _args_main                     
40204d18  strlen                         
40204d34  strcpy                         
40204d4c  __TI_decompress_none           
40204d60  __TI_zero_init                 
40204d70  copysign                       
40204d70  copysignl                      
40204d80  _system_pre_init               
40204d88  __aeabi_idiv0                  
40204d8c  __mpu_init                     
40204d90  _system_post_cinit             
40204d94  __stack                        
40205594  __STACK_END                    
40205598  _sys_memory                    
40205d98  _ftable                        
40205f58  INTCPS_CONTROL                 
40205f5c  INTCPS_MIR0                    
40205f60  GPIO1_IRQSTATUS1               
40205f64  CM_ICLKEN_WKUP                 
40205f68  CM_FCLKEN_WKUP                 
40205f6c  CONTROL_PADCONF_SYS_BOOT2      
40205f70  GPIO1_RISINGDETECT             
40205f74  GPIO1_IRQENABLE1               
40205f78  GPIO1_OE                       
40205f7c  GPIO1_DATAIN                   
40205f80  BTN                            
40205f84  __TI_ft_end                    
40205f88  __aeabi_stdin                  
40205f8c  __aeabi_stdout                 
40205f90  __aeabi_stderr                 
40205f94  __TI_cleanup_ptr               
40205f98  __TI_dtors_ptr                 
40205f9c  __TI_enable_exit_profile_output
40205fac  _lock                          
40205fb0  _unlock                        
40205fb4  errno                          
40205fbc  main_func_sp                   
40205fc0  __CIOBUF_                      
402060e0  __TI_tmpnams                   
40206188  _ctypes_                       
40206290  __TI_static_base__             
4020632c  __TI_Handler_Table_Base        
40206338  __TI_Handler_Table_Limit       
40206340  __TI_CINIT_Base                
40206350  __TI_CINIT_Limit               
ffffffff  __TI_pprof_out_hndl            
ffffffff  __TI_prof_data_size            
ffffffff  __TI_prof_data_start           
ffffffff  __binit__                      
ffffffff  __c_args__                     
ffffffff  binit                          
UNDEFED   SHT$$INIT_ARRAY$$Base          
UNDEFED   SHT$$INIT_ARRAY$$Limit         

[153 symbols]
